%!Adobe-FontList 1.20
%Locale:0x412

%BeginFont
Handler:DirectoryHandler
FontType:Invalid
OutlineFileName:E:\수업\01.코딩 수업\Font\nanum-gothic-v21-korean_latin-700.eot
FileModTime:1679884534
%EndFont

%BeginFont
Handler:DirectoryHandler
FontType:Invalid
OutlineFileName:E:\수업\01.코딩 수업\Font\nanum-gothic-v21-korean_latin-700.woff
FileModTime:1679884534
%EndFont

%BeginFont
Handler:DirectoryHandler
FontType:Invalid
OutlineFileName:E:\수업\01.코딩 수업\Font\nanum-gothic-v21-korean_latin-700.woff2
FileModTime:1679884534
%EndFont

%BeginFont
Handler:DirectoryHandler
FontType:Invalid
OutlineFileName:E:\수업\01.코딩 수업\Font\nanum-gothic-v21-korean_latin-800.eot
FileModTime:1679884528
%EndFont

%BeginFont
Handler:DirectoryHandler
FontType:Invalid
OutlineFileName:E:\수업\01.코딩 수업\Font\nanum-gothic-v21-korean_latin-800.woff
FileModTime:1679884528
%EndFont

%BeginFont
Handler:DirectoryHandler
FontType:Invalid
OutlineFileName:E:\수업\01.코딩 수업\Font\nanum-gothic-v21-korean_latin-800.woff2
FileModTime:1679884528
%EndFont

%BeginFont
Handler:DirectoryHandler
FontType:Invalid
OutlineFileName:E:\수업\01.코딩 수업\Font\nanum-gothic-v21-korean_latin-regular.eot
FileModTime:1679884521
%EndFont

%BeginFont
Handler:DirectoryHandler
FontType:Invalid
OutlineFileName:E:\수업\01.코딩 수업\Font\nanum-gothic-v21-korean_latin-regular.woff
FileModTime:1679884521
%EndFont

%BeginFont
Handler:DirectoryHandler
FontType:Invalid
OutlineFileName:E:\수업\01.코딩 수업\Font\nanum-gothic-v21-korean_latin-regular.woff2
FileModTime:1679884521
%EndFont

%BeginFont
Handler:DirectoryHandler
FontType:Invalid
OutlineFileName:E:\수업\01.코딩 수업\Font\noto-sans-kr-v27-korean_latin-100.eot
FileModTime:1679881486
%EndFont

%BeginFont
Handler:DirectoryHandler
FontType:Invalid
OutlineFileName:E:\수업\01.코딩 수업\Font\noto-sans-kr-v27-korean_latin-100.woff
FileModTime:1679881486
%EndFont

%BeginFont
Handler:DirectoryHandler
FontType:Invalid
OutlineFileName:E:\수업\01.코딩 수업\Font\noto-sans-kr-v27-korean_latin-100.woff2
FileModTime:1679881486
%EndFont

%BeginFont
Handler:DirectoryHandler
FontType:Invalid
OutlineFileName:E:\수업\01.코딩 수업\Font\noto-sans-kr-v27-korean_latin-300.eot
FileModTime:1679881486
%EndFont

%BeginFont
Handler:DirectoryHandler
FontType:Invalid
OutlineFileName:E:\수업\01.코딩 수업\Font\noto-sans-kr-v27-korean_latin-300.woff
FileModTime:1679881486
%EndFont

%BeginFont
Handler:DirectoryHandler
FontType:Invalid
OutlineFileName:E:\수업\01.코딩 수업\Font\noto-sans-kr-v27-korean_latin-300.woff2
FileModTime:1679881486
%EndFont

%BeginFont
Handler:DirectoryHandler
FontType:Invalid
OutlineFileName:E:\수업\01.코딩 수업\Font\noto-sans-kr-v27-korean_latin-500.eot
FileModTime:1679881486
%EndFont

%BeginFont
Handler:DirectoryHandler
FontType:Invalid
OutlineFileName:E:\수업\01.코딩 수업\Font\noto-sans-kr-v27-korean_latin-500.woff
FileModTime:1679881486
%EndFont

%BeginFont
Handler:DirectoryHandler
FontType:Invalid
OutlineFileName:E:\수업\01.코딩 수업\Font\noto-sans-kr-v27-korean_latin-500.woff2
FileModTime:1679881486
%EndFont

%BeginFont
Handler:DirectoryHandler
FontType:Invalid
OutlineFileName:E:\수업\01.코딩 수업\Font\noto-sans-kr-v27-korean_latin-700.eot
FileModTime:1679881486
%EndFont

%BeginFont
Handler:DirectoryHandler
FontType:Invalid
OutlineFileName:E:\수업\01.코딩 수업\Font\noto-sans-kr-v27-korean_latin-700.woff
FileModTime:1679881486
%EndFont

%BeginFont
Handler:DirectoryHandler
FontType:Invalid
OutlineFileName:E:\수업\01.코딩 수업\Font\noto-sans-kr-v27-korean_latin-700.woff2
FileModTime:1679881486
%EndFont

%BeginFont
Handler:DirectoryHandler
FontType:Invalid
OutlineFileName:E:\수업\01.코딩 수업\Font\noto-sans-kr-v27-korean_latin-900.eot
FileModTime:1679881486
%EndFont

%BeginFont
Handler:DirectoryHandler
FontType:Invalid
OutlineFileName:E:\수업\01.코딩 수업\Font\noto-sans-kr-v27-korean_latin-900.woff
FileModTime:1679881486
%EndFont

%BeginFont
Handler:DirectoryHandler
FontType:Invalid
OutlineFileName:E:\수업\01.코딩 수업\Font\noto-sans-kr-v27-korean_latin-900.woff2
FileModTime:1679881486
%EndFont

%BeginFont
Handler:DirectoryHandler
FontType:Invalid
OutlineFileName:E:\수업\01.코딩 수업\Font\noto-sans-kr-v27-korean_latin-regular.eot
FileModTime:1679881486
%EndFont

%BeginFont
Handler:DirectoryHandler
FontType:Invalid
OutlineFileName:E:\수업\01.코딩 수업\Font\noto-sans-kr-v27-korean_latin-regular.woff
FileModTime:1679881486
%EndFont

%BeginFont
Handler:DirectoryHandler
FontType:Invalid
OutlineFileName:E:\수업\01.코딩 수업\Font\noto-sans-kr-v27-korean_latin-regular.woff2
FileModTime:1679881486
%EndFont

